2025-04-25 16:38:16 0 [Note] Starting MariaDB 10.4.32-MariaDB source revision c4143f909528e3fab0677a28631d10389354c491 as process 89920
2025-04-25 16:38:16 0 [Note] InnoDB: Mutexes and rw_locks use Windows interlocked functions
2025-04-25 16:38:16 0 [Note] InnoDB: Uses event mutexes
2025-04-25 16:38:16 0 [Note] InnoDB: Compressed tables use zlib 1.3
2025-04-25 16:38:16 0 [Note] InnoDB: Number of pools: 1
2025-04-25 16:38:16 0 [Note] InnoDB: Using SSE2 crc32 instructions
2025-04-25 16:38:16 0 [Note] InnoDB: Initializing buffer pool, total size = 16M, instances = 1, chunk size = 16M
2025-04-25 16:38:16 0 [Note] InnoDB: Completed initialization of buffer pool
2025-04-25 16:38:16 0 [Note] InnoDB: Starting crash recovery from checkpoint LSN=300288
2025-04-25 16:38:17 0 [Note] InnoDB: 128 out of 128 rollback segments are active.
2025-04-25 16:38:17 0 [Note] InnoDB: Removed temporary tablespace data file: "ibtmp1"
2025-04-25 16:38:17 0 [Note] InnoDB: Creating shared tablespace for temporary tables
2025-04-25 16:38:17 0 [Note] InnoDB: Setting file 'D:\xampp\mysql\data\ibtmp1' size to 12 MB. Physically writing the file full; Please wait ...
2025-04-25 16:38:17 0 [Note] InnoDB: File 'D:\xampp\mysql\data\ibtmp1' size is now 12 MB.
2025-04-25 16:38:17 0 [Note] InnoDB: Waiting for purge to start
2025-04-25 16:38:17 0 [Note] InnoDB: 10.4.32 started; log sequence number 300297; transaction id 170
2025-04-25 16:38:17 0 [Note] InnoDB: Loading buffer pool(s) from D:\xampp\mysql\data\ib_buffer_pool
2025-04-25 16:38:17 0 [Note] Plugin 'FEEDBACK' is disabled.
2025-04-25 16:38:17 0 [Note] InnoDB: Buffer pool(s) load completed at 250425 16:38:17
2025-04-25 16:38:17 0 [Note] Server socket created on IP: '::'.
2025-04-25 19:07:04 0 [Note] Starting MariaDB 10.4.32-MariaDB source revision c4143f909528e3fab0677a28631d10389354c491 as process 82928
2025-04-25 19:07:04 0 [Note] InnoDB: Mutexes and rw_locks use Windows interlocked functions
2025-04-25 19:07:04 0 [Note] InnoDB: Uses event mutexes
2025-04-25 19:07:04 0 [Note] InnoDB: Compressed tables use zlib 1.3
2025-04-25 19:07:04 0 [Note] InnoDB: Number of pools: 1
2025-04-25 19:07:04 0 [Note] InnoDB: Using SSE2 crc32 instructions
2025-04-25 19:07:04 0 [Note] InnoDB: Initializing buffer pool, total size = 16M, instances = 1, chunk size = 16M
2025-04-25 19:07:04 0 [Note] InnoDB: Completed initialization of buffer pool
2025-04-25 19:07:04 0 [Note] InnoDB: Starting crash recovery from checkpoint LSN=454231
2025-04-25 19:07:04 0 [Note] InnoDB: 128 out of 128 rollback segments are active.
2025-04-25 19:07:04 0 [Note] InnoDB: Removed temporary tablespace data file: "ibtmp1"
2025-04-25 19:07:04 0 [Note] InnoDB: Creating shared tablespace for temporary tables
2025-04-25 19:07:04 0 [Note] InnoDB: Setting file 'D:\xampp\mysql\data\ibtmp1' size to 12 MB. Physically writing the file full; Please wait ...
2025-04-25 19:07:04 0 [Note] InnoDB: File 'D:\xampp\mysql\data\ibtmp1' size is now 12 MB.
2025-04-25 19:07:04 0 [Note] InnoDB: Waiting for purge to start
2025-04-25 19:07:04 0 [Note] InnoDB: 10.4.32 started; log sequence number 454240; transaction id 502
2025-04-25 19:07:04 0 [Note] InnoDB: Loading buffer pool(s) from D:\xampp\mysql\data\ib_buffer_pool
2025-04-25 19:07:04 0 [Note] Plugin 'FEEDBACK' is disabled.
2025-04-25 19:07:04 0 [Note] Server socket created on IP: '::'.
2025-04-25 20:16:17 0 [Note] Starting MariaDB 10.4.32-MariaDB source revision c4143f909528e3fab0677a28631d10389354c491 as process 56920
2025-04-25 20:16:17 0 [Note] InnoDB: Mutexes and rw_locks use Windows interlocked functions
2025-04-25 20:16:17 0 [Note] InnoDB: Uses event mutexes
2025-04-25 20:16:17 0 [Note] InnoDB: Compressed tables use zlib 1.3
2025-04-25 20:16:17 0 [Note] InnoDB: Number of pools: 1
2025-04-25 20:16:17 0 [Note] InnoDB: Using SSE2 crc32 instructions
2025-04-25 20:16:17 0 [Note] InnoDB: Initializing buffer pool, total size = 16M, instances = 1, chunk size = 16M
2025-04-25 20:16:17 0 [Note] InnoDB: Completed initialization of buffer pool
2025-04-25 20:16:17 0 [Note] InnoDB: Starting crash recovery from checkpoint LSN=454598
2025-04-25 20:16:17 0 [Note] InnoDB: 128 out of 128 rollback segments are active.
2025-04-25 20:16:17 0 [Note] InnoDB: Removed temporary tablespace data file: "ibtmp1"
2025-04-25 20:16:17 0 [Note] InnoDB: Creating shared tablespace for temporary tables
2025-04-25 20:16:17 0 [Note] InnoDB: Setting file 'D:\xampp\mysql\data\ibtmp1' size to 12 MB. Physically writing the file full; Please wait ...
2025-04-25 20:16:17 0 [Note] InnoDB: File 'D:\xampp\mysql\data\ibtmp1' size is now 12 MB.
2025-04-25 20:16:17 0 [Note] InnoDB: Waiting for purge to start
2025-04-25 20:16:17 0 [Note] InnoDB: 10.4.32 started; log sequence number 454607; transaction id 509
2025-04-25 20:16:17 0 [Note] InnoDB: Loading buffer pool(s) from D:\xampp\mysql\data\ib_buffer_pool
2025-04-25 20:16:17 0 [Note] Plugin 'FEEDBACK' is disabled.
2025-04-25 20:16:17 0 [Note] Server socket created on IP: '::'.
2025-04-25 20:16:17 0 [Note] InnoDB: Buffer pool(s) load completed at 250425 20:16:17
2025-04-25 22:25:14 0 [Note] Starting MariaDB 10.4.32-MariaDB source revision c4143f909528e3fab0677a28631d10389354c491 as process 20208
2025-04-25 22:25:14 0 [Note] InnoDB: Mutexes and rw_locks use Windows interlocked functions
2025-04-25 22:25:14 0 [Note] InnoDB: Uses event mutexes
2025-04-25 22:25:14 0 [Note] InnoDB: Compressed tables use zlib 1.3
2025-04-25 22:25:14 0 [Note] InnoDB: Number of pools: 1
2025-04-25 22:25:14 0 [Note] InnoDB: Using SSE2 crc32 instructions
2025-04-25 22:25:14 0 [Note] InnoDB: Initializing buffer pool, total size = 16M, instances = 1, chunk size = 16M
2025-04-25 22:25:14 0 [Note] InnoDB: Completed initialization of buffer pool
2025-04-25 22:25:14 0 [Note] InnoDB: Starting crash recovery from checkpoint LSN=454616
2025-04-25 22:25:14 0 [Note] InnoDB: 128 out of 128 rollback segments are active.
2025-04-25 22:25:14 0 [Note] InnoDB: Removed temporary tablespace data file: "ibtmp1"
2025-04-25 22:25:14 0 [Note] InnoDB: Creating shared tablespace for temporary tables
2025-04-25 22:25:14 0 [Note] InnoDB: Setting file 'C:\xampp\mysql\data\ibtmp1' size to 12 MB. Physically writing the file full; Please wait ...
2025-04-25 22:25:14 0 [Note] InnoDB: File 'C:\xampp\mysql\data\ibtmp1' size is now 12 MB.
2025-04-25 22:25:14 0 [Note] InnoDB: Waiting for purge to start
2025-04-25 22:25:14 0 [Note] InnoDB: 10.4.32 started; log sequence number 454625; transaction id 509
2025-04-25 22:25:14 0 [Note] InnoDB: Loading buffer pool(s) from C:\xampp\mysql\data\ib_buffer_pool
2025-04-25 22:25:14 0 [Note] Plugin 'FEEDBACK' is disabled.
2025-04-25 22:25:14 0 [Note] Server socket created on IP: '::'.
2025-04-25 22:25:17 0 [Note] Starting MariaDB 10.4.32-MariaDB source revision c4143f909528e3fab0677a28631d10389354c491 as process 20300
2025-04-25 22:25:17 0 [Note] InnoDB: Mutexes and rw_locks use Windows interlocked functions
2025-04-25 22:25:17 0 [Note] InnoDB: Uses event mutexes
2025-04-25 22:25:17 0 [Note] InnoDB: Compressed tables use zlib 1.3
2025-04-25 22:25:17 0 [Note] InnoDB: Number of pools: 1
2025-04-25 22:25:17 0 [Note] InnoDB: Using SSE2 crc32 instructions
2025-04-25 22:25:17 0 [Note] InnoDB: Initializing buffer pool, total size = 16M, instances = 1, chunk size = 16M
2025-04-25 22:25:17 0 [Note] InnoDB: Completed initialization of buffer pool
2025-04-25 22:25:17 0 [Note] InnoDB: Starting crash recovery from checkpoint LSN=454616
2025-04-25 22:25:17 0 [Note] InnoDB: 128 out of 128 rollback segments are active.
2025-04-25 22:25:17 0 [Note] InnoDB: Removed temporary tablespace data file: "ibtmp1"
2025-04-25 22:25:17 0 [Note] InnoDB: Creating shared tablespace for temporary tables
2025-04-25 22:25:17 0 [Note] InnoDB: Setting file 'C:\xampp\mysql\data\ibtmp1' size to 12 MB. Physically writing the file full; Please wait ...
2025-04-25 22:25:17 0 [Note] InnoDB: File 'C:\xampp\mysql\data\ibtmp1' size is now 12 MB.
2025-04-25 22:25:17 0 [Note] InnoDB: Waiting for purge to start
2025-04-25 22:25:17 0 [Note] InnoDB: 10.4.32 started; log sequence number 454625; transaction id 509
2025-04-25 22:25:17 0 [Note] InnoDB: Loading buffer pool(s) from C:\xampp\mysql\data\ib_buffer_pool
2025-04-25 22:25:17 0 [Note] Plugin 'FEEDBACK' is disabled.
2025-04-25 22:25:17 0 [Note] Server socket created on IP: '::'.
2025-04-26 19:02:23 0 [Note] Starting MariaDB 10.4.32-MariaDB source revision c4143f909528e3fab0677a28631d10389354c491 as process 18840
2025-04-26 19:02:23 0 [Note] InnoDB: Mutexes and rw_locks use Windows interlocked functions
2025-04-26 19:02:23 0 [Note] InnoDB: Uses event mutexes
2025-04-26 19:02:23 0 [Note] InnoDB: Compressed tables use zlib 1.3
2025-04-26 19:02:23 0 [Note] InnoDB: Number of pools: 1
2025-04-26 19:02:23 0 [Note] InnoDB: Using SSE2 crc32 instructions
2025-04-26 19:02:23 0 [Note] InnoDB: Initializing buffer pool, total size = 16M, instances = 1, chunk size = 16M
2025-04-26 19:02:23 0 [Note] InnoDB: Completed initialization of buffer pool
2025-04-26 19:02:23 0 [Note] InnoDB: Starting crash recovery from checkpoint LSN=644399
2025-04-26 19:02:23 0 [Note] InnoDB: 128 out of 128 rollback segments are active.
2025-04-26 19:02:23 0 [Note] InnoDB: Removed temporary tablespace data file: "ibtmp1"
2025-04-26 19:02:23 0 [Note] InnoDB: Creating shared tablespace for temporary tables
2025-04-26 19:02:23 0 [Note] InnoDB: Setting file 'C:\xampp\mysql\data\ibtmp1' size to 12 MB. Physically writing the file full; Please wait ...
2025-04-26 19:02:23 0 [Note] InnoDB: File 'C:\xampp\mysql\data\ibtmp1' size is now 12 MB.
2025-04-26 19:02:23 0 [Note] InnoDB: Waiting for purge to start
2025-04-26 19:02:23 0 [Note] InnoDB: 10.4.32 started; log sequence number 644408; transaction id 1019
2025-04-26 19:02:23 0 [Note] InnoDB: Loading buffer pool(s) from C:\xampp\mysql\data\ib_buffer_pool
2025-04-26 19:02:23 0 [Note] Plugin 'FEEDBACK' is disabled.
2025-04-26 19:02:23 0 [Note] Server socket created on IP: '::'.
